CREATE EXTENSION sphinx;
SELECT sphinx_replace('test_index', 5, ARRAY['title', 'Title', 'content', 'Text about databases', 'user_id', 12]::text[]);
 sphinx_replace 
----------------
 
(1 row)

SELECT sphinx_replace('test_index', 6, ARRAY['title', 'Caption', 'content', 'Content of database manual', 'user_id', 12]::text[]);
 sphinx_replace 
----------------
 
(1 row)

SELECT * FROM sphinx_select('test_index', 'database', 'user_id = 12', 'weight DESC, id DESC', 0, 100, NULL);
 id | weight 
----+--------
  6 |   1356
  5 |   1356
(2 rows)

SELECT sphinx_delete('test_index', 5);
 sphinx_delete 
---------------
 
(1 row)

SELECT * FROM sphinx_select('test_index', 'database', 'user_id = 12', 'weight DESC, id DESC', 0, 100, 'sort_method = ''kbuffer''');
 id | weight 
----+--------
  6 |   1500
(1 row)

SELECT sphinx_snippet('test_index', 'database', 'Text about databases', '<mark>', '</mark>');
          sphinx_snippet           
-----------------------------------
 Text about <mark>databases</mark>
(1 row)

SELECT sphinx_snippet_options('test_index', 'database', 'Text about databases',
  ARRAY['before_match', '<mark>',
        'after_match', '</mark>',
        'limit', '100',
        'allow_empty', 'y']);
      sphinx_snippet_options       
-----------------------------------
 Text about <mark>databases</mark>
(1 row)

SELECT sphinx_delete('test_index', 6);
 sphinx_delete 
---------------
 
(1 row)

